// Jest Snapshot v1, https://goo.gl/fbAQLP

exports[`test Popover should match snapshot 1`] = `
<body>
  <div>
    <div
      class="ant-popover-open"
    >
      children
    </div>
  </div>
  <div
    style="position: absolute; top: 0px; left: 0px; width: 100%;"
  >
    <div>
      <div
        class="ant-popover dark:bg-darkMode  theme-popover"
        style="opacity: 0;"
      >
        <div
          class="ant-popover-content"
        >
          <div
            class="ant-popover-arrow"
          >
            <span
              class="ant-popover-arrow-content"
            />
          </div>
          <div
            class="ant-popover-inner"
            role="tooltip"
          >
            <div
              class="ant-popover-inner-content"
            >
              content
            </div>
          </div>
        </div>
      </div>
    </div>
  </div>
</body>
`;
