// Jest Snapshot v1, https://goo.gl/fbAQLP

exports[`test IncomeOverview should match snapshot 1`] = `
<div>
  <div
    class="mb-5 max-w-[100%] basis-[100%] lg:max-w-[40%] lg:basis-[40%]"
  >
    <div
      class="mb-4 flex items-center justify-between leading-[1.625rem] dark:text-white"
    >
      <h2
        class="font-semibold dark:text-white"
      >
        dashboard.incomeOverview.title
      </h2>
      <span
        class="text-xs"
      >
        dashboard.incomeOverview.subTitle
      </span>
    </div>
    <div
      class="rounded-md border border-stone-200 p-5 dark:border-stone-700 dark:bg-darkMode bg-white"
      data-chart-source-type="G2Plot"
      size-sensor-id="1"
      style="height: inherit;"
    >
      <div
        style="position:relative;"
      >
        <canvas
          height="400"
          style="width: 400px; height: 400px; display: inline-block; vertical-align: middle;"
          width="400"
        />
      </div>
      <object
        class="size-sensor-object"
        data="about:blank"
        style="display: block; position: absolute; top: 0px; left: 0px; height: 100%; width: 100%; overflow: hidden; pointer-events: none; z-index: -1; opacity: 0;"
        tabindex="-1"
        type="text/html"
      />
    </div>
  </div>
</div>
`;
