// Jest Snapshot v1, https://goo.gl/fbAQLP

exports[`test Component should render Table to match snapshot 1`] = `
<div>
  <div>
    Table
  </div>
</div>
`;
