// Jest Snapshot v1, https://goo.gl/fbAQLP

exports[`test Component should render Input to match snapshot 1`] = `
<div>
  <div>
    Input
  </div>
</div>
`;
